2026-08-10 19:54:56 [JavaFX Application Thread] INFO  c.nova.factoryerp.config.AppConfig - Configuration loaded successfully
2026-08-10 19:54:57 [JavaFX Application Thread] INFO  c.n.f.database.DatabaseConnection - Database connection test successful
2026-08-10 19:54:57 [JavaFX Application Thread] DEBUG c.n.f.database.DatabaseConnection - New DB connection created (pool in-use: 1)
2026-08-10 19:54:58 [JavaFX Application Thread] INFO  com.nova.factoryerp.Main - Nova Factory ERP v1.0.0 started
2026-08-10 19:55:07 [Thread-3] INFO  c.n.factoryerp.security.AuthService - User logged in: admin [ADMIN]
2026-08-10 19:55:08 [JavaFX Application Thread] INFO  c.n.f.controllers.LoginController - Main window opened
2026-08-10 19:55:22 [JavaFX Application Thread] WARN  c.n.f.controllers.MainController - FXML not yet implemented: /fxml/inventory/MaterialLotsView.fxml — showing placeholder
2026-08-10 19:59:30 [JavaFX Application Thread] INFO  c.n.factoryerp.security.AuthService - User logged out: admin
2026-08-10 19:59:32 [JavaFX Application Thread] INFO  c.n.f.database.DatabaseConnection - All database connections closed
2026-08-10 19:59:32 [JavaFX Application Thread] INFO  com.nova.factoryerp.Main - Application stopped
2026-08-10 20:37:35 [JavaFX Application Thread] INFO  c.nova.factoryerp.config.AppConfig - Configuration loaded successfully
2026-08-10 20:37:35 [JavaFX Application Thread] INFO  c.n.f.database.DatabaseConnection - Database connection test successful
2026-08-10 20:37:35 [JavaFX Application Thread] DEBUG c.n.f.database.DatabaseConnection - New DB connection created (pool in-use: 1)
2026-08-10 20:37:36 [JavaFX Application Thread] INFO  com.nova.factoryerp.Main - Nova Factory ERP v1.0.0 started
2026-08-10 20:37:37 [JavaFX Application Thread] INFO  c.n.f.database.DatabaseConnection - All database connections closed
2026-08-10 20:37:38 [JavaFX Application Thread] INFO  c.n.f.database.DatabaseConnection - All database connections closed
2026-08-10 20:37:38 [JavaFX Application Thread] INFO  com.nova.factoryerp.Main - Application stopped
2026-08-10 21:35:55 [JavaFX Application Thread] INFO  c.nova.factoryerp.config.AppConfig - Configuration loaded successfully
2026-08-10 21:35:55 [JavaFX Application Thread] INFO  c.n.f.database.DatabaseConnection - Database connection test successful
2026-08-10 21:35:55 [JavaFX Application Thread] DEBUG c.n.f.database.DatabaseConnection - New DB connection created (pool in-use: 1)
2026-08-10 21:35:56 [JavaFX Application Thread] INFO  com.nova.factoryerp.Main - Nova Factory ERP v1.0.0 started
2026-08-10 21:36:02 [Thread-3] INFO  c.n.factoryerp.security.AuthService - User logged in: admin [ADMIN]
2026-08-10 21:36:03 [JavaFX Application Thread] INFO  c.n.f.controllers.LoginController - Main window opened
2026-08-10 21:37:02 [JavaFX Application Thread] WARN  c.n.f.controllers.MainController - FXML not yet implemented: /fxml/inventory/MaterialLotsView.fxml — showing placeholder
2026-08-10 21:45:24 [JavaFX Application Thread] INFO  c.n.f.database.DatabaseConnection - All database connections closed
2026-08-10 21:45:24 [JavaFX Application Thread] INFO  com.nova.factoryerp.Main - Application stopped
2026-08-10 21:47:18 [JavaFX Application Thread] INFO  c.nova.factoryerp.config.AppConfig - Configuration loaded successfully
2026-08-10 21:47:18 [JavaFX Application Thread] INFO  c.n.f.database.DatabaseConnection - Database connection test successful
2026-08-10 21:47:18 [JavaFX Application Thread] DEBUG c.n.f.database.DatabaseConnection - New DB connection created (pool in-use: 1)
2026-08-10 21:47:19 [JavaFX Application Thread] INFO  com.nova.factoryerp.Main - Nova Factory ERP v1.0.0 started
2026-08-10 21:48:45 [Thread-3] INFO  c.n.factoryerp.security.AuthService - User logged in: admin [ADMIN]
2026-08-10 21:48:46 [JavaFX Application Thread] INFO  c.n.f.controllers.LoginController - Main window opened
2026-08-10 21:49:08 [JavaFX Application Thread] WARN  c.n.f.controllers.MainController - FXML not yet implemented: /fxml/inventory/MaterialLotsView.fxml — showing placeholder
2026-08-10 21:52:48 [JavaFX Application Thread] INFO  c.n.f.database.DatabaseConnection - All database connections closed
2026-08-10 21:52:48 [JavaFX Application Thread] INFO  com.nova.factoryerp.Main - Application stopped
2026-08-10 21:53:13 [JavaFX Application Thread] INFO  c.nova.factoryerp.config.AppConfig - Configuration loaded successfully
2026-08-10 21:53:14 [JavaFX Application Thread] INFO  c.n.f.database.DatabaseConnection - Database connection test successful
2026-08-10 21:53:14 [JavaFX Application Thread] DEBUG c.n.f.database.DatabaseConnection - New DB connection created (pool in-use: 1)
2026-08-10 21:53:14 [JavaFX Application Thread] INFO  com.nova.factoryerp.Main - Nova Factory ERP v1.0.0 started
2026-08-10 21:53:24 [Thread-3] INFO  c.n.factoryerp.security.AuthService - User logged in: admin [ADMIN]
2026-08-10 21:53:24 [JavaFX Application Thread] INFO  c.n.f.controllers.LoginController - Main window opened
2026-08-10 21:53:30 [JavaFX Application Thread] WARN  c.n.f.controllers.MainController - FXML not yet implemented: /fxml/inventory/MaterialLotsView.fxml — showing placeholder
2026-08-10 21:55:21 [JavaFX Application Thread] INFO  c.n.factoryerp.security.AuthService - User logged out: admin
2026-08-10 21:55:22 [JavaFX Application Thread] INFO  c.n.f.database.DatabaseConnection - All database connections closed
2026-08-10 21:55:22 [JavaFX Application Thread] INFO  com.nova.factoryerp.Main - Application stopped
2026-08-10 22:14:34 [JavaFX Application Thread] INFO  c.nova.factoryerp.config.AppConfig - Configuration loaded successfully
2026-08-10 22:14:34 [JavaFX Application Thread] INFO  c.n.f.database.DatabaseConnection - Database connection test successful
2026-08-10 22:14:34 [JavaFX Application Thread] DEBUG c.n.f.database.DatabaseConnection - New DB connection created (pool in-use: 1)
2026-08-10 22:14:35 [JavaFX Application Thread] INFO  com.nova.factoryerp.Main - Nova Factory ERP v1.0.0 started
2026-08-10 22:14:49 [Thread-3] INFO  c.n.factoryerp.security.AuthService - User logged in: admin [ADMIN]
2026-08-10 22:14:49 [JavaFX Application Thread] INFO  c.n.f.controllers.LoginController - Main window opened
2026-08-10 22:14:52 [JavaFX Application Thread] WARN  c.n.f.controllers.MainController - FXML not yet implemented: /fxml/inventory/MaterialLotsView.fxml — showing placeholder
2026-08-10 22:15:01 [JavaFX Application Thread] INFO  c.n.factoryerp.security.AuthService - User logged out: admin
2026-08-10 22:15:17 [Thread-6] WARN  c.n.factoryerp.security.AuthService - Login failed — wrong password: admin
2026-08-10 22:15:20 [Thread-7] INFO  c.n.factoryerp.security.AuthService - User logged in: admin [ADMIN]
2026-08-10 22:15:20 [JavaFX Application Thread] INFO  c.n.f.controllers.LoginController - Main window opened
2026-08-10 22:15:22 [JavaFX Application Thread] WARN  c.n.f.controllers.MainController - FXML not yet implemented: /fxml/inventory/MaterialLotsView.fxml — showing placeholder
2026-08-10 22:16:19 [JavaFX Application Thread] INFO  c.n.factoryerp.security.AuthService - User logged out: admin
2026-08-10 22:16:20 [JavaFX Application Thread] INFO  c.n.f.database.DatabaseConnection - All database connections closed
2026-08-10 22:16:20 [JavaFX Application Thread] INFO  com.nova.factoryerp.Main - Application stopped
2026-08-10 22:23:01 [JavaFX Application Thread] INFO  c.nova.factoryerp.config.AppConfig - Configuration loaded successfully
2026-08-10 22:23:01 [JavaFX Application Thread] INFO  c.n.f.database.DatabaseConnection - Database connection test successful
2026-08-10 22:23:01 [JavaFX Application Thread] DEBUG c.n.f.database.DatabaseConnection - New DB connection created (pool in-use: 1)
2026-08-10 22:23:02 [JavaFX Application Thread] INFO  com.nova.factoryerp.Main - Nova Factory ERP v1.0.0 started
2026-08-10 22:23:23 [Thread-3] WARN  c.n.factoryerp.security.AuthService - Login failed — wrong password: admin
2026-08-10 22:23:26 [Thread-4] INFO  c.n.factoryerp.security.AuthService - User logged in: admin [ADMIN]
2026-08-10 22:23:27 [JavaFX Application Thread] INFO  c.n.f.controllers.LoginController - Main window opened
2026-08-10 22:23:29 [JavaFX Application Thread] WARN  c.n.f.controllers.MainController - FXML not yet implemented: /fxml/inventory/MaterialLotsView.fxml — showing placeholder
2026-08-10 22:23:46 [JavaFX Application Thread] INFO  c.n.f.database.DatabaseConnection - All database connections closed
2026-08-10 22:23:46 [JavaFX Application Thread] INFO  com.nova.factoryerp.Main - Application stopped
2026-08-10 22:24:08 [JavaFX Application Thread] INFO  c.nova.factoryerp.config.AppConfig - Configuration loaded successfully
2026-08-10 22:24:09 [JavaFX Application Thread] INFO  c.n.f.database.DatabaseConnection - Database connection test successful
2026-08-10 22:24:09 [JavaFX Application Thread] DEBUG c.n.f.database.DatabaseConnection - New DB connection created (pool in-use: 1)
2026-08-10 22:24:10 [JavaFX Application Thread] INFO  com.nova.factoryerp.Main - Nova Factory ERP v1.0.0 started
2026-08-10 22:25:50 [Thread-3] INFO  c.n.factoryerp.security.AuthService - User logged in: admin [ADMIN]
2026-08-10 22:25:51 [JavaFX Application Thread] INFO  c.n.f.controllers.LoginController - Main window opened
2026-08-10 22:25:53 [JavaFX Application Thread] WARN  c.n.f.controllers.MainController - FXML not yet implemented: /fxml/inventory/MaterialLotsView.fxml — showing placeholder
2026-08-10 22:28:42 [JavaFX Application Thread] INFO  c.n.f.database.DatabaseConnection - All database connections closed
2026-08-10 22:28:42 [JavaFX Application Thread] INFO  com.nova.factoryerp.Main - Application stopped
2026-08-10 22:31:22 [JavaFX Application Thread] INFO  c.nova.factoryerp.config.AppConfig - Configuration loaded successfully
2026-08-10 22:31:22 [JavaFX Application Thread] INFO  c.n.f.database.DatabaseConnection - Database connection test successful
2026-08-10 22:31:22 [JavaFX Application Thread] DEBUG c.n.f.database.DatabaseConnection - New DB connection created (pool in-use: 1)
2026-08-10 22:31:24 [JavaFX Application Thread] INFO  com.nova.factoryerp.Main - Nova Factory ERP v1.0.0 started
2026-08-10 22:31:29 [Thread-3] INFO  c.n.factoryerp.security.AuthService - User logged in: admin [ADMIN]
2026-08-10 22:31:30 [JavaFX Application Thread] INFO  c.n.f.controllers.LoginController - Main window opened
2026-08-10 22:31:58 [JavaFX Application Thread] INFO  c.n.factoryerp.security.AuthService - User logged out: admin
2026-08-10 22:32:00 [JavaFX Application Thread] INFO  c.n.f.database.DatabaseConnection - All database connections closed
2026-08-10 22:32:00 [JavaFX Application Thread] INFO  com.nova.factoryerp.Main - Application stopped
2026-08-10 22:32:35 [JavaFX Application Thread] INFO  c.nova.factoryerp.config.AppConfig - Configuration loaded successfully
2026-08-10 22:32:36 [JavaFX Application Thread] INFO  c.n.f.database.DatabaseConnection - Database connection test successful
2026-08-10 22:32:36 [JavaFX Application Thread] DEBUG c.n.f.database.DatabaseConnection - New DB connection created (pool in-use: 1)
2026-08-10 22:32:37 [JavaFX Application Thread] INFO  com.nova.factoryerp.Main - Nova Factory ERP v1.0.0 started
2026-08-10 22:32:43 [Thread-3] INFO  c.n.factoryerp.security.AuthService - User logged in: admin [ADMIN]
2026-08-10 22:32:44 [JavaFX Application Thread] INFO  c.n.f.controllers.LoginController - Main window opened
2026-08-10 22:32:46 [JavaFX Application Thread] ERROR c.n.f.controllers.MainController - FAILED TO LOAD FXML: /fxml/inventory/MaterialLotsView.fxml
javafx.fxml.LoadException: 
/E:/factory%20App/nova-factory-erp/target/classes/fxml/inventory/MaterialLotsView.fxml

	at javafx.fxml@21.0.2/javafx.fxml.FXMLLoader.constructLoadException(FXMLLoader.java:2722)
	at javafx.fxml@21.0.2/javafx.fxml.FXMLLoader.loadImpl(FXMLLoader.java:2665)
	at javafx.fxml@21.0.2/javafx.fxml.FXMLLoader.loadImpl(FXMLLoader.java:2563)
	at javafx.fxml@21.0.2/javafx.fxml.FXMLLoader.load(FXMLLoader.java:2531)
	at com.nova.factoryerp.controllers.MainController.loadPage(MainController.java:168)
	at java.base/java.util.HashMap.computeIfAbsent(HashMap.java:1229)
	at com.nova.factoryerp.controllers.MainController.navigateTo(MainController.java:132)
	at com.nova.factoryerp.controllers.MainController.lambda$addNavButton$0(MainController.java:115)
	at javafx.base@21.0.2/com.sun.javafx.event.CompositeEventHandler.dispatchBubblingEvent(CompositeEventHandler.java:86)
	at javafx.base@21.0.2/com.sun.javafx.event.EventHandlerManager.dispatchBubblingEvent(EventHandlerManager.java:232)
	at javafx.base@21.0.2/com.sun.javafx.event.EventHandlerManager.dispatchBubblingEvent(EventHandlerManager.java:189)
	at javafx.base@21.0.2/com.sun.javafx.event.CompositeEventDispatcher.dispatchBubblingEvent(CompositeEventDispatcher.java:59)
	at javafx.base@21.0.2/com.sun.javafx.event.BasicEventDispatcher.dispatchEvent(BasicEventDispatcher.java:58)
	at javafx.base@21.0.2/com.sun.javafx.event.EventDispatchChainImpl.dispatchEvent(EventDispatchChainImpl.java:114)
	at javafx.base@21.0.2/com.sun.javafx.event.BasicEventDispatcher.dispatchEvent(BasicEventDispatcher.java:56)
	at javafx.base@21.0.2/com.sun.javafx.event.EventDispatchChainImpl.dispatchEvent(EventDispatchChainImpl.java:114)
	at javafx.base@21.0.2/com.sun.javafx.event.BasicEventDispatcher.dispatchEvent(BasicEventDispatcher.java:56)
	at javafx.base@21.0.2/com.sun.javafx.event.EventDispatchChainImpl.dispatchEvent(EventDispatchChainImpl.java:114)
	at javafx.base@21.0.2/com.sun.javafx.event.BasicEventDispatcher.dispatchEvent(BasicEventDispatcher.java:56)
	at javafx.base@21.0.2/com.sun.javafx.event.EventDispatchChainImpl.dispatchEvent(EventDispatchChainImpl.java:114)
	at javafx.base@21.0.2/com.sun.javafx.event.BasicEventDispatcher.dispatchEvent(BasicEventDispatcher.java:56)
	at javafx.base@21.0.2/com.sun.javafx.event.EventDispatchChainImpl.dispatchEvent(EventDispatchChainImpl.java:114)
	at javafx.base@21.0.2/com.sun.javafx.event.EventUtil.fireEventImpl(EventUtil.java:74)
	at javafx.base@21.0.2/com.sun.javafx.event.EventUtil.fireEvent(EventUtil.java:49)
	at javafx.base@21.0.2/javafx.event.Event.fireEvent(Event.java:198)
	at javafx.graphics@21.0.2/javafx.scene.Node.fireEvent(Node.java:8875)
	at javafx.controls@21.0.2/javafx.scene.control.Button.fire(Button.java:203)
	at javafx.controls@21.0.2/com.sun.javafx.scene.control.behavior.ButtonBehavior.mouseReleased(ButtonBehavior.java:207)
	at javafx.controls@21.0.2/com.sun.javafx.scene.control.inputmap.InputMap.handle(InputMap.java:274)
	at javafx.base@21.0.2/com.sun.javafx.event.CompositeEventHandler$NormalEventHandlerRecord.handleBubblingEvent(CompositeEventHandler.java:247)
	at javafx.base@21.0.2/com.sun.javafx.event.CompositeEventHandler.dispatchBubblingEvent(CompositeEventHandler.java:80)
	at javafx.base@21.0.2/com.sun.javafx.event.EventHandlerManager.dispatchBubblingEvent(EventHandlerManager.java:232)
	at javafx.base@21.0.2/com.sun.javafx.event.EventHandlerManager.dispatchBubblingEvent(EventHandlerManager.java:189)
	at javafx.base@21.0.2/com.sun.javafx.event.CompositeEventDispatcher.dispatchBubblingEvent(CompositeEventDispatcher.java:59)
	at javafx.base@21.0.2/com.sun.javafx.event.BasicEventDispatcher.dispatchEvent(BasicEventDispatcher.java:58)
	at javafx.base@21.0.2/com.sun.javafx.event.EventDispatchChainImpl.dispatchEvent(EventDispatchChainImpl.java:114)
	at javafx.base@21.0.2/com.sun.javafx.event.BasicEventDispatcher.dispatchEvent(BasicEventDispatcher.java:56)
	at javafx.base@21.0.2/com.sun.javafx.event.EventDispatchChainImpl.dispatchEvent(EventDispatchChainImpl.java:114)
	at javafx.base@21.0.2/com.sun.javafx.event.BasicEventDispatcher.dispatchEvent(BasicEventDispatcher.java:56)
	at javafx.base@21.0.2/com.sun.javafx.event.EventDispatchChainImpl.dispatchEvent(EventDispatchChainImpl.java:114)
	at javafx.base@21.0.2/com.sun.javafx.event.BasicEventDispatcher.dispatchEvent(BasicEventDispatcher.java:56)
	at javafx.base@21.0.2/com.sun.javafx.event.EventDispatchChainImpl.dispatchEvent(EventDispatchChainImpl.java:114)
	at javafx.base@21.0.2/com.sun.javafx.event.BasicEventDispatcher.dispatchEvent(BasicEventDispatcher.java:56)
	at javafx.base@21.0.2/com.sun.javafx.event.EventDispatchChainImpl.dispatchEvent(EventDispatchChainImpl.java:114)
	at javafx.base@21.0.2/com.sun.javafx.event.EventUtil.fireEventImpl(EventUtil.java:74)
	at javafx.base@21.0.2/com.sun.javafx.event.EventUtil.fireEvent(EventUtil.java:54)
	at javafx.base@21.0.2/javafx.event.Event.fireEvent(Event.java:198)
	at javafx.graphics@21.0.2/javafx.scene.Scene$MouseHandler.process(Scene.java:3984)
	at javafx.graphics@21.0.2/javafx.scene.Scene.processMouseEvent(Scene.java:1890)
	at javafx.graphics@21.0.2/javafx.scene.Scene$ScenePeerListener.mouseEvent(Scene.java:2708)
	at javafx.graphics@21.0.2/com.sun.javafx.tk.quantum.GlassViewEventHandler$MouseEventNotification.run(GlassViewEventHandler.java:411)
	at javafx.graphics@21.0.2/com.sun.javafx.tk.quantum.GlassViewEventHandler$MouseEventNotification.run(GlassViewEventHandler.java:301)
	at java.base/java.security.AccessController.doPrivileged(AccessController.java:138)
	at javafx.graphics@21.0.2/com.sun.javafx.tk.quantum.GlassViewEventHandler.lambda$handleMouseEvent$2(GlassViewEventHandler.java:450)
	at javafx.graphics@21.0.2/com.sun.javafx.tk.quantum.QuantumToolkit.runWithoutRenderLock(QuantumToolkit.java:424)
	at javafx.graphics@21.0.2/com.sun.javafx.tk.quantum.GlassViewEventHandler.handleMouseEvent(GlassViewEventHandler.java:449)
	at javafx.graphics@21.0.2/com.sun.glass.ui.View.handleMouseEvent(View.java:551)
	at javafx.graphics@21.0.2/com.sun.glass.ui.View.notifyMouse(View.java:937)
	at javafx.graphics@21.0.2/com.sun.glass.ui.win.WinApplication._runLoop(Native Method)
	at javafx.graphics@21.0.2/com.sun.glass.ui.win.WinApplication.lambda$runLoop$3(WinApplication.java:185)
	at java.base/java.lang.Thread.run(Thread.java:1516)
Caused by: javax.xml.stream.XMLStreamException: ParseError at [row,col]:[49,6]
Message: The processing instruction target matching "[xX][mM][lL]" is not allowed.
	at java.xml/com.sun.org.apache.xerces.internal.impl.XMLStreamReaderImpl.next(XMLStreamReaderImpl.java:652)
	at java.xml/javax.xml.stream.util.StreamReaderDelegate.next(StreamReaderDelegate.java:84)
	at javafx.fxml@21.0.2/javafx.fxml.FXMLLoader.loadImpl(FXMLLoader.java:2635)
	... 59 common frames omitted
2026-08-10 22:32:47 [JavaFX Application Thread] INFO  c.n.factoryerp.security.AuthService - User logged out: admin
2026-08-10 22:32:49 [JavaFX Application Thread] INFO  c.n.f.database.DatabaseConnection - All database connections closed
2026-08-10 22:32:49 [JavaFX Application Thread] INFO  com.nova.factoryerp.Main - Application stopped
2026-08-10 22:40:26 [JavaFX Application Thread] INFO  c.nova.factoryerp.config.AppConfig - Configuration loaded successfully
2026-08-10 22:40:27 [JavaFX Application Thread] INFO  c.n.f.database.DatabaseConnection - Database connection test successful
2026-08-10 22:40:27 [JavaFX Application Thread] DEBUG c.n.f.database.DatabaseConnection - New DB connection created (pool in-use: 1)
2026-08-10 22:40:28 [JavaFX Application Thread] INFO  com.nova.factoryerp.Main - Nova Factory ERP v1.0.0 started
2026-08-10 22:40:34 [Thread-3] INFO  c.n.factoryerp.security.AuthService - User logged in: admin [ADMIN]
2026-08-10 22:40:34 [JavaFX Application Thread] INFO  c.n.f.controllers.LoginController - Main window opened
2026-08-10 22:40:36 [JavaFX Application Thread] ERROR c.n.f.controllers.MainController - FAILED TO LOAD FXML: /fxml/inventory/MaterialLotsView.fxml
javafx.fxml.LoadException: 
/E:/factory%20App/nova-factory-erp/target/classes/fxml/inventory/MaterialLotsView.fxml

	at javafx.fxml@21.0.2/javafx.fxml.FXMLLoader.constructLoadException(FXMLLoader.java:2722)
	at javafx.fxml@21.0.2/javafx.fxml.FXMLLoader.loadImpl(FXMLLoader.java:2665)
	at javafx.fxml@21.0.2/javafx.fxml.FXMLLoader.loadImpl(FXMLLoader.java:2563)
	at javafx.fxml@21.0.2/javafx.fxml.FXMLLoader.load(FXMLLoader.java:2531)
	at com.nova.factoryerp.controllers.MainController.loadPage(MainController.java:168)
	at java.base/java.util.HashMap.computeIfAbsent(HashMap.java:1229)
	at com.nova.factoryerp.controllers.MainController.navigateTo(MainController.java:132)
	at com.nova.factoryerp.controllers.MainController.lambda$addNavButton$0(MainController.java:115)
	at javafx.base@21.0.2/com.sun.javafx.event.CompositeEventHandler.dispatchBubblingEvent(CompositeEventHandler.java:86)
	at javafx.base@21.0.2/com.sun.javafx.event.EventHandlerManager.dispatchBubblingEvent(EventHandlerManager.java:232)
	at javafx.base@21.0.2/com.sun.javafx.event.EventHandlerManager.dispatchBubblingEvent(EventHandlerManager.java:189)
	at javafx.base@21.0.2/com.sun.javafx.event.CompositeEventDispatcher.dispatchBubblingEvent(CompositeEventDispatcher.java:59)
	at javafx.base@21.0.2/com.sun.javafx.event.BasicEventDispatcher.dispatchEvent(BasicEventDispatcher.java:58)
	at javafx.base@21.0.2/com.sun.javafx.event.EventDispatchChainImpl.dispatchEvent(EventDispatchChainImpl.java:114)
	at javafx.base@21.0.2/com.sun.javafx.event.BasicEventDispatcher.dispatchEvent(BasicEventDispatcher.java:56)
	at javafx.base@21.0.2/com.sun.javafx.event.EventDispatchChainImpl.dispatchEvent(EventDispatchChainImpl.java:114)
	at javafx.base@21.0.2/com.sun.javafx.event.BasicEventDispatcher.dispatchEvent(BasicEventDispatcher.java:56)
	at javafx.base@21.0.2/com.sun.javafx.event.EventDispatchChainImpl.dispatchEvent(EventDispatchChainImpl.java:114)
	at javafx.base@21.0.2/com.sun.javafx.event.BasicEventDispatcher.dispatchEvent(BasicEventDispatcher.java:56)
	at javafx.base@21.0.2/com.sun.javafx.event.EventDispatchChainImpl.dispatchEvent(EventDispatchChainImpl.java:114)
	at javafx.base@21.0.2/com.sun.javafx.event.BasicEventDispatcher.dispatchEvent(BasicEventDispatcher.java:56)
	at javafx.base@21.0.2/com.sun.javafx.event.EventDispatchChainImpl.dispatchEvent(EventDispatchChainImpl.java:114)
	at javafx.base@21.0.2/com.sun.javafx.event.EventUtil.fireEventImpl(EventUtil.java:74)
	at javafx.base@21.0.2/com.sun.javafx.event.EventUtil.fireEvent(EventUtil.java:49)
	at javafx.base@21.0.2/javafx.event.Event.fireEvent(Event.java:198)
	at javafx.graphics@21.0.2/javafx.scene.Node.fireEvent(Node.java:8875)
	at javafx.controls@21.0.2/javafx.scene.control.Button.fire(Button.java:203)
	at javafx.controls@21.0.2/com.sun.javafx.scene.control.behavior.ButtonBehavior.mouseReleased(ButtonBehavior.java:207)
	at javafx.controls@21.0.2/com.sun.javafx.scene.control.inputmap.InputMap.handle(InputMap.java:274)
	at javafx.base@21.0.2/com.sun.javafx.event.CompositeEventHandler$NormalEventHandlerRecord.handleBubblingEvent(CompositeEventHandler.java:247)
	at javafx.base@21.0.2/com.sun.javafx.event.CompositeEventHandler.dispatchBubblingEvent(CompositeEventHandler.java:80)
	at javafx.base@21.0.2/com.sun.javafx.event.EventHandlerManager.dispatchBubblingEvent(EventHandlerManager.java:232)
	at javafx.base@21.0.2/com.sun.javafx.event.EventHandlerManager.dispatchBubblingEvent(EventHandlerManager.java:189)
	at javafx.base@21.0.2/com.sun.javafx.event.CompositeEventDispatcher.dispatchBubblingEvent(CompositeEventDispatcher.java:59)
	at javafx.base@21.0.2/com.sun.javafx.event.BasicEventDispatcher.dispatchEvent(BasicEventDispatcher.java:58)
	at javafx.base@21.0.2/com.sun.javafx.event.EventDispatchChainImpl.dispatchEvent(EventDispatchChainImpl.java:114)
	at javafx.base@21.0.2/com.sun.javafx.event.BasicEventDispatcher.dispatchEvent(BasicEventDispatcher.java:56)
	at javafx.base@21.0.2/com.sun.javafx.event.EventDispatchChainImpl.dispatchEvent(EventDispatchChainImpl.java:114)
	at javafx.base@21.0.2/com.sun.javafx.event.BasicEventDispatcher.dispatchEvent(BasicEventDispatcher.java:56)
	at javafx.base@21.0.2/com.sun.javafx.event.EventDispatchChainImpl.dispatchEvent(EventDispatchChainImpl.java:114)
	at javafx.base@21.0.2/com.sun.javafx.event.BasicEventDispatcher.dispatchEvent(BasicEventDispatcher.java:56)
	at javafx.base@21.0.2/com.sun.javafx.event.EventDispatchChainImpl.dispatchEvent(EventDispatchChainImpl.java:114)
	at javafx.base@21.0.2/com.sun.javafx.event.BasicEventDispatcher.dispatchEvent(BasicEventDispatcher.java:56)
	at javafx.base@21.0.2/com.sun.javafx.event.EventDispatchChainImpl.dispatchEvent(EventDispatchChainImpl.java:114)
	at javafx.base@21.0.2/com.sun.javafx.event.EventUtil.fireEventImpl(EventUtil.java:74)
	at javafx.base@21.0.2/com.sun.javafx.event.EventUtil.fireEvent(EventUtil.java:54)
	at javafx.base@21.0.2/javafx.event.Event.fireEvent(Event.java:198)
	at javafx.graphics@21.0.2/javafx.scene.Scene$MouseHandler.process(Scene.java:3984)
	at javafx.graphics@21.0.2/javafx.scene.Scene.processMouseEvent(Scene.java:1890)
	at javafx.graphics@21.0.2/javafx.scene.Scene$ScenePeerListener.mouseEvent(Scene.java:2708)
	at javafx.graphics@21.0.2/com.sun.javafx.tk.quantum.GlassViewEventHandler$MouseEventNotification.run(GlassViewEventHandler.java:411)
	at javafx.graphics@21.0.2/com.sun.javafx.tk.quantum.GlassViewEventHandler$MouseEventNotification.run(GlassViewEventHandler.java:301)
	at java.base/java.security.AccessController.doPrivileged(AccessController.java:138)
	at javafx.graphics@21.0.2/com.sun.javafx.tk.quantum.GlassViewEventHandler.lambda$handleMouseEvent$2(GlassViewEventHandler.java:450)
	at javafx.graphics@21.0.2/com.sun.javafx.tk.quantum.QuantumToolkit.runWithoutRenderLock(QuantumToolkit.java:424)
	at javafx.graphics@21.0.2/com.sun.javafx.tk.quantum.GlassViewEventHandler.handleMouseEvent(GlassViewEventHandler.java:449)
	at javafx.graphics@21.0.2/com.sun.glass.ui.View.handleMouseEvent(View.java:551)
	at javafx.graphics@21.0.2/com.sun.glass.ui.View.notifyMouse(View.java:937)
	at javafx.graphics@21.0.2/com.sun.glass.ui.win.WinApplication._runLoop(Native Method)
	at javafx.graphics@21.0.2/com.sun.glass.ui.win.WinApplication.lambda$runLoop$3(WinApplication.java:185)
	at java.base/java.lang.Thread.run(Thread.java:1516)
Caused by: javax.xml.stream.XMLStreamException: ParseError at [row,col]:[176,6]
Message: The processing instruction target matching "[xX][mM][lL]" is not allowed.
	at java.xml/com.sun.org.apache.xerces.internal.impl.XMLStreamReaderImpl.next(XMLStreamReaderImpl.java:652)
	at java.xml/javax.xml.stream.util.StreamReaderDelegate.next(StreamReaderDelegate.java:84)
	at javafx.fxml@21.0.2/javafx.fxml.FXMLLoader.loadImpl(FXMLLoader.java:2635)
	... 59 common frames omitted
2026-08-10 22:48:10 [JavaFX Application Thread] INFO  c.nova.factoryerp.config.AppConfig - Configuration loaded successfully
2026-08-10 22:48:11 [JavaFX Application Thread] INFO  c.n.f.database.DatabaseConnection - Database connection test successful
2026-08-10 22:48:11 [JavaFX Application Thread] DEBUG c.n.f.database.DatabaseConnection - New DB connection created (pool in-use: 1)
2026-08-10 22:48:12 [JavaFX Application Thread] INFO  com.nova.factoryerp.Main - Nova Factory ERP v1.0.0 started
2026-08-10 22:49:33 [Thread-3] INFO  c.n.factoryerp.security.AuthService - User logged in: admin [ADMIN]
2026-08-10 22:49:34 [JavaFX Application Thread] INFO  c.n.f.controllers.LoginController - Main window opened
2026-08-10 22:49:37 [JavaFX Application Thread] ERROR c.n.f.controllers.MainController - FAILED TO LOAD FXML: /fxml/inventory/MaterialLotsView.fxml
javafx.fxml.LoadException: 
/E:/factory%20App/nova-factory-erp/target/classes/fxml/inventory/MaterialLotsView.fxml

	at javafx.fxml@21.0.2/javafx.fxml.FXMLLoader.constructLoadException(FXMLLoader.java:2722)
	at javafx.fxml@21.0.2/javafx.fxml.FXMLLoader.loadImpl(FXMLLoader.java:2665)
	at javafx.fxml@21.0.2/javafx.fxml.FXMLLoader.loadImpl(FXMLLoader.java:2563)
	at javafx.fxml@21.0.2/javafx.fxml.FXMLLoader.load(FXMLLoader.java:2531)
	at com.nova.factoryerp.controllers.MainController.loadPage(MainController.java:168)
	at java.base/java.util.HashMap.computeIfAbsent(HashMap.java:1229)
	at com.nova.factoryerp.controllers.MainController.navigateTo(MainController.java:132)
	at com.nova.factoryerp.controllers.MainController.lambda$addNavButton$0(MainController.java:115)
	at javafx.base@21.0.2/com.sun.javafx.event.CompositeEventHandler.dispatchBubblingEvent(CompositeEventHandler.java:86)
	at javafx.base@21.0.2/com.sun.javafx.event.EventHandlerManager.dispatchBubblingEvent(EventHandlerManager.java:232)
	at javafx.base@21.0.2/com.sun.javafx.event.EventHandlerManager.dispatchBubblingEvent(EventHandlerManager.java:189)
	at javafx.base@21.0.2/com.sun.javafx.event.CompositeEventDispatcher.dispatchBubblingEvent(CompositeEventDispatcher.java:59)
	at javafx.base@21.0.2/com.sun.javafx.event.BasicEventDispatcher.dispatchEvent(BasicEventDispatcher.java:58)
	at javafx.base@21.0.2/com.sun.javafx.event.EventDispatchChainImpl.dispatchEvent(EventDispatchChainImpl.java:114)
	at javafx.base@21.0.2/com.sun.javafx.event.BasicEventDispatcher.dispatchEvent(BasicEventDispatcher.java:56)
	at javafx.base@21.0.2/com.sun.javafx.event.EventDispatchChainImpl.dispatchEvent(EventDispatchChainImpl.java:114)
	at javafx.base@21.0.2/com.sun.javafx.event.BasicEventDispatcher.dispatchEvent(BasicEventDispatcher.java:56)
	at javafx.base@21.0.2/com.sun.javafx.event.EventDispatchChainImpl.dispatchEvent(EventDispatchChainImpl.java:114)
	at javafx.base@21.0.2/com.sun.javafx.event.BasicEventDispatcher.dispatchEvent(BasicEventDispatcher.java:56)
	at javafx.base@21.0.2/com.sun.javafx.event.EventDispatchChainImpl.dispatchEvent(EventDispatchChainImpl.java:114)
	at javafx.base@21.0.2/com.sun.javafx.event.BasicEventDispatcher.dispatchEvent(BasicEventDispatcher.java:56)
	at javafx.base@21.0.2/com.sun.javafx.event.EventDispatchChainImpl.dispatchEvent(EventDispatchChainImpl.java:114)
	at javafx.base@21.0.2/com.sun.javafx.event.EventUtil.fireEventImpl(EventUtil.java:74)
	at javafx.base@21.0.2/com.sun.javafx.event.EventUtil.fireEvent(EventUtil.java:49)
	at javafx.base@21.0.2/javafx.event.Event.fireEvent(Event.java:198)
	at javafx.graphics@21.0.2/javafx.scene.Node.fireEvent(Node.java:8875)
	at javafx.controls@21.0.2/javafx.scene.control.Button.fire(Button.java:203)
	at javafx.controls@21.0.2/com.sun.javafx.scene.control.behavior.ButtonBehavior.mouseReleased(ButtonBehavior.java:207)
	at javafx.controls@21.0.2/com.sun.javafx.scene.control.inputmap.InputMap.handle(InputMap.java:274)
	at javafx.base@21.0.2/com.sun.javafx.event.CompositeEventHandler$NormalEventHandlerRecord.handleBubblingEvent(CompositeEventHandler.java:247)
	at javafx.base@21.0.2/com.sun.javafx.event.CompositeEventHandler.dispatchBubblingEvent(CompositeEventHandler.java:80)
	at javafx.base@21.0.2/com.sun.javafx.event.EventHandlerManager.dispatchBubblingEvent(EventHandlerManager.java:232)
	at javafx.base@21.0.2/com.sun.javafx.event.EventHandlerManager.dispatchBubblingEvent(EventHandlerManager.java:189)
	at javafx.base@21.0.2/com.sun.javafx.event.CompositeEventDispatcher.dispatchBubblingEvent(CompositeEventDispatcher.java:59)
	at javafx.base@21.0.2/com.sun.javafx.event.BasicEventDispatcher.dispatchEvent(BasicEventDispatcher.java:58)
	at javafx.base@21.0.2/com.sun.javafx.event.EventDispatchChainImpl.dispatchEvent(EventDispatchChainImpl.java:114)
	at javafx.base@21.0.2/com.sun.javafx.event.BasicEventDispatcher.dispatchEvent(BasicEventDispatcher.java:56)
	at javafx.base@21.0.2/com.sun.javafx.event.EventDispatchChainImpl.dispatchEvent(EventDispatchChainImpl.java:114)
	at javafx.base@21.0.2/com.sun.javafx.event.BasicEventDispatcher.dispatchEvent(BasicEventDispatcher.java:56)
	at javafx.base@21.0.2/com.sun.javafx.event.EventDispatchChainImpl.dispatchEvent(EventDispatchChainImpl.java:114)
	at javafx.base@21.0.2/com.sun.javafx.event.BasicEventDispatcher.dispatchEvent(BasicEventDispatcher.java:56)
	at javafx.base@21.0.2/com.sun.javafx.event.EventDispatchChainImpl.dispatchEvent(EventDispatchChainImpl.java:114)
	at javafx.base@21.0.2/com.sun.javafx.event.BasicEventDispatcher.dispatchEvent(BasicEventDispatcher.java:56)
	at javafx.base@21.0.2/com.sun.javafx.event.EventDispatchChainImpl.dispatchEvent(EventDispatchChainImpl.java:114)
	at javafx.base@21.0.2/com.sun.javafx.event.EventUtil.fireEventImpl(EventUtil.java:74)
	at javafx.base@21.0.2/com.sun.javafx.event.EventUtil.fireEvent(EventUtil.java:54)
	at javafx.base@21.0.2/javafx.event.Event.fireEvent(Event.java:198)
	at javafx.graphics@21.0.2/javafx.scene.Scene$MouseHandler.process(Scene.java:3984)
	at javafx.graphics@21.0.2/javafx.scene.Scene.processMouseEvent(Scene.java:1890)
	at javafx.graphics@21.0.2/javafx.scene.Scene$ScenePeerListener.mouseEvent(Scene.java:2708)
	at javafx.graphics@21.0.2/com.sun.javafx.tk.quantum.GlassViewEventHandler$MouseEventNotification.run(GlassViewEventHandler.java:411)
	at javafx.graphics@21.0.2/com.sun.javafx.tk.quantum.GlassViewEventHandler$MouseEventNotification.run(GlassViewEventHandler.java:301)
	at java.base/java.security.AccessController.doPrivileged(AccessController.java:138)
	at javafx.graphics@21.0.2/com.sun.javafx.tk.quantum.GlassViewEventHandler.lambda$handleMouseEvent$2(GlassViewEventHandler.java:450)
	at javafx.graphics@21.0.2/com.sun.javafx.tk.quantum.QuantumToolkit.runWithoutRenderLock(QuantumToolkit.java:424)
	at javafx.graphics@21.0.2/com.sun.javafx.tk.quantum.GlassViewEventHandler.handleMouseEvent(GlassViewEventHandler.java:449)
	at javafx.graphics@21.0.2/com.sun.glass.ui.View.handleMouseEvent(View.java:551)
	at javafx.graphics@21.0.2/com.sun.glass.ui.View.notifyMouse(View.java:937)
	at javafx.graphics@21.0.2/com.sun.glass.ui.win.WinApplication._runLoop(Native Method)
	at javafx.graphics@21.0.2/com.sun.glass.ui.win.WinApplication.lambda$runLoop$3(WinApplication.java:185)
	at java.base/java.lang.Thread.run(Thread.java:1516)
Caused by: javax.xml.stream.XMLStreamException: ParseError at [row,col]:[1,1]
Message: Content is not allowed in prolog.
	at java.xml/com.sun.org.apache.xerces.internal.impl.XMLStreamReaderImpl.next(XMLStreamReaderImpl.java:652)
	at java.xml/javax.xml.stream.util.StreamReaderDelegate.next(StreamReaderDelegate.java:84)
	at javafx.fxml@21.0.2/javafx.fxml.FXMLLoader.loadImpl(FXMLLoader.java:2635)
	... 59 common frames omitted
2026-08-10 22:49:39 [JavaFX Application Thread] INFO  c.n.factoryerp.security.AuthService - User logged out: admin
2026-08-10 22:49:40 [JavaFX Application Thread] INFO  c.n.f.database.DatabaseConnection - All database connections closed
2026-08-10 22:49:40 [JavaFX Application Thread] INFO  com.nova.factoryerp.Main - Application stopped
2026-08-10 22:51:17 [JavaFX Application Thread] INFO  c.nova.factoryerp.config.AppConfig - Configuration loaded successfully
2026-08-10 22:51:17 [JavaFX Application Thread] INFO  c.n.f.database.DatabaseConnection - Database connection test successful
2026-08-10 22:51:17 [JavaFX Application Thread] DEBUG c.n.f.database.DatabaseConnection - New DB connection created (pool in-use: 1)
2026-08-10 22:51:18 [JavaFX Application Thread] INFO  com.nova.factoryerp.Main - Nova Factory ERP v1.0.0 started
2026-08-10 22:51:25 [Thread-3] INFO  c.n.factoryerp.security.AuthService - User logged in: admin [ADMIN]
2026-08-10 22:51:26 [JavaFX Application Thread] INFO  c.n.f.controllers.LoginController - Main window opened
2026-08-10 22:51:27 [JavaFX Application Thread] ERROR c.n.f.controllers.MainController - FAILED TO LOAD FXML: /fxml/inventory/MaterialLotsView.fxml
javafx.fxml.LoadException: 
/E:/factory%20App/nova-factory-erp/target/classes/fxml/inventory/MaterialLotsView.fxml

	at javafx.fxml@21.0.2/javafx.fxml.FXMLLoader.constructLoadException(FXMLLoader.java:2722)
	at javafx.fxml@21.0.2/javafx.fxml.FXMLLoader.loadImpl(FXMLLoader.java:2665)
	at javafx.fxml@21.0.2/javafx.fxml.FXMLLoader.loadImpl(FXMLLoader.java:2563)
	at javafx.fxml@21.0.2/javafx.fxml.FXMLLoader.load(FXMLLoader.java:2531)
	at com.nova.factoryerp.controllers.MainController.loadPage(MainController.java:168)
	at java.base/java.util.HashMap.computeIfAbsent(HashMap.java:1229)
	at com.nova.factoryerp.controllers.MainController.navigateTo(MainController.java:132)
	at com.nova.factoryerp.controllers.MainController.lambda$addNavButton$0(MainController.java:115)
	at javafx.base@21.0.2/com.sun.javafx.event.CompositeEventHandler.dispatchBubblingEvent(CompositeEventHandler.java:86)
	at javafx.base@21.0.2/com.sun.javafx.event.EventHandlerManager.dispatchBubblingEvent(EventHandlerManager.java:232)
	at javafx.base@21.0.2/com.sun.javafx.event.EventHandlerManager.dispatchBubblingEvent(EventHandlerManager.java:189)
	at javafx.base@21.0.2/com.sun.javafx.event.CompositeEventDispatcher.dispatchBubblingEvent(CompositeEventDispatcher.java:59)
	at javafx.base@21.0.2/com.sun.javafx.event.BasicEventDispatcher.dispatchEvent(BasicEventDispatcher.java:58)
	at javafx.base@21.0.2/com.sun.javafx.event.EventDispatchChainImpl.dispatchEvent(EventDispatchChainImpl.java:114)
	at javafx.base@21.0.2/com.sun.javafx.event.BasicEventDispatcher.dispatchEvent(BasicEventDispatcher.java:56)
	at javafx.base@21.0.2/com.sun.javafx.event.EventDispatchChainImpl.dispatchEvent(EventDispatchChainImpl.java:114)
	at javafx.base@21.0.2/com.sun.javafx.event.BasicEventDispatcher.dispatchEvent(BasicEventDispatcher.java:56)
	at javafx.base@21.0.2/com.sun.javafx.event.EventDispatchChainImpl.dispatchEvent(EventDispatchChainImpl.java:114)
	at javafx.base@21.0.2/com.sun.javafx.event.BasicEventDispatcher.dispatchEvent(BasicEventDispatcher.java:56)
	at javafx.base@21.0.2/com.sun.javafx.event.EventDispatchChainImpl.dispatchEvent(EventDispatchChainImpl.java:114)
	at javafx.base@21.0.2/com.sun.javafx.event.BasicEventDispatcher.dispatchEvent(BasicEventDispatcher.java:56)
	at javafx.base@21.0.2/com.sun.javafx.event.EventDispatchChainImpl.dispatchEvent(EventDispatchChainImpl.java:114)
	at javafx.base@21.0.2/com.sun.javafx.event.EventUtil.fireEventImpl(EventUtil.java:74)
	at javafx.base@21.0.2/com.sun.javafx.event.EventUtil.fireEvent(EventUtil.java:49)
	at javafx.base@21.0.2/javafx.event.Event.fireEvent(Event.java:198)
	at javafx.graphics@21.0.2/javafx.scene.Node.fireEvent(Node.java:8875)
	at javafx.controls@21.0.2/javafx.scene.control.Button.fire(Button.java:203)
	at javafx.controls@21.0.2/com.sun.javafx.scene.control.behavior.ButtonBehavior.mouseReleased(ButtonBehavior.java:207)
	at javafx.controls@21.0.2/com.sun.javafx.scene.control.inputmap.InputMap.handle(InputMap.java:274)
	at javafx.base@21.0.2/com.sun.javafx.event.CompositeEventHandler$NormalEventHandlerRecord.handleBubblingEvent(CompositeEventHandler.java:247)
	at javafx.base@21.0.2/com.sun.javafx.event.CompositeEventHandler.dispatchBubblingEvent(CompositeEventHandler.java:80)
	at javafx.base@21.0.2/com.sun.javafx.event.EventHandlerManager.dispatchBubblingEvent(EventHandlerManager.java:232)
	at javafx.base@21.0.2/com.sun.javafx.event.EventHandlerManager.dispatchBubblingEvent(EventHandlerManager.java:189)
	at javafx.base@21.0.2/com.sun.javafx.event.CompositeEventDispatcher.dispatchBubblingEvent(CompositeEventDispatcher.java:59)
	at javafx.base@21.0.2/com.sun.javafx.event.BasicEventDispatcher.dispatchEvent(BasicEventDispatcher.java:58)
	at javafx.base@21.0.2/com.sun.javafx.event.EventDispatchChainImpl.dispatchEvent(EventDispatchChainImpl.java:114)
	at javafx.base@21.0.2/com.sun.javafx.event.BasicEventDispatcher.dispatchEvent(BasicEventDispatcher.java:56)
	at javafx.base@21.0.2/com.sun.javafx.event.EventDispatchChainImpl.dispatchEvent(EventDispatchChainImpl.java:114)
	at javafx.base@21.0.2/com.sun.javafx.event.BasicEventDispatcher.dispatchEvent(BasicEventDispatcher.java:56)
	at javafx.base@21.0.2/com.sun.javafx.event.EventDispatchChainImpl.dispatchEvent(EventDispatchChainImpl.java:114)
	at javafx.base@21.0.2/com.sun.javafx.event.BasicEventDispatcher.dispatchEvent(BasicEventDispatcher.java:56)
	at javafx.base@21.0.2/com.sun.javafx.event.EventDispatchChainImpl.dispatchEvent(EventDispatchChainImpl.java:114)
	at javafx.base@21.0.2/com.sun.javafx.event.BasicEventDispatcher.dispatchEvent(BasicEventDispatcher.java:56)
	at javafx.base@21.0.2/com.sun.javafx.event.EventDispatchChainImpl.dispatchEvent(EventDispatchChainImpl.java:114)
	at javafx.base@21.0.2/com.sun.javafx.event.EventUtil.fireEventImpl(EventUtil.java:74)
	at javafx.base@21.0.2/com.sun.javafx.event.EventUtil.fireEvent(EventUtil.java:54)
	at javafx.base@21.0.2/javafx.event.Event.fireEvent(Event.java:198)
	at javafx.graphics@21.0.2/javafx.scene.Scene$MouseHandler.process(Scene.java:3984)
	at javafx.graphics@21.0.2/javafx.scene.Scene.processMouseEvent(Scene.java:1890)
	at javafx.graphics@21.0.2/javafx.scene.Scene$ScenePeerListener.mouseEvent(Scene.java:2708)
	at javafx.graphics@21.0.2/com.sun.javafx.tk.quantum.GlassViewEventHandler$MouseEventNotification.run(GlassViewEventHandler.java:411)
	at javafx.graphics@21.0.2/com.sun.javafx.tk.quantum.GlassViewEventHandler$MouseEventNotification.run(GlassViewEventHandler.java:301)
	at java.base/java.security.AccessController.doPrivileged(AccessController.java:138)
	at javafx.graphics@21.0.2/com.sun.javafx.tk.quantum.GlassViewEventHandler.lambda$handleMouseEvent$2(GlassViewEventHandler.java:450)
	at javafx.graphics@21.0.2/com.sun.javafx.tk.quantum.QuantumToolkit.runWithoutRenderLock(QuantumToolkit.java:424)
	at javafx.graphics@21.0.2/com.sun.javafx.tk.quantum.GlassViewEventHandler.handleMouseEvent(GlassViewEventHandler.java:449)
	at javafx.graphics@21.0.2/com.sun.glass.ui.View.handleMouseEvent(View.java:551)
	at javafx.graphics@21.0.2/com.sun.glass.ui.View.notifyMouse(View.java:937)
	at javafx.graphics@21.0.2/com.sun.glass.ui.win.WinApplication._runLoop(Native Method)
	at javafx.graphics@21.0.2/com.sun.glass.ui.win.WinApplication.lambda$runLoop$3(WinApplication.java:185)
	at java.base/java.lang.Thread.run(Thread.java:1516)
Caused by: javax.xml.stream.XMLStreamException: ParseError at [row,col]:[1,1]
Message: Content is not allowed in prolog.
	at java.xml/com.sun.org.apache.xerces.internal.impl.XMLStreamReaderImpl.next(XMLStreamReaderImpl.java:652)
	at java.xml/javax.xml.stream.util.StreamReaderDelegate.next(StreamReaderDelegate.java:84)
	at javafx.fxml@21.0.2/javafx.fxml.FXMLLoader.loadImpl(FXMLLoader.java:2635)
	... 59 common frames omitted
2026-08-10 22:51:56 [JavaFX Application Thread] INFO  c.n.f.database.DatabaseConnection - All database connections closed
2026-08-10 22:51:56 [JavaFX Application Thread] INFO  com.nova.factoryerp.Main - Application stopped
2026-08-10 22:52:05 [JavaFX Application Thread] INFO  c.n.f.database.DatabaseConnection - All database connections closed
2026-08-10 22:52:05 [JavaFX Application Thread] INFO  com.nova.factoryerp.Main - Application stopped
